package fixoutside

// helper is also named from gen.go, which is generated and so not a file the
// pass rewrites; the rename would leave that use dangling.
//
//declscope:package
func helper() int { return 1 } // want `func helper does not carry the prefix of namespace "user"; rename it to userHelper`

// aux is named from ext.go, which the configuration excludes.
//
//declscope:package
func aux() int { return 2 } // want `func aux does not carry the prefix of namespace "user"; rename it to userAux`

// Every use is in a collected file, so this one is renamed.
func userLocal() int { return 3 } // want `func local does not carry the prefix of namespace "user"; rename it to userLocal`

var _ = userLocal
