-- rename helper to userHelper (promote to package-internal by prefixing with the namespace) --
package fixes

func userHelper() int { return 1 } // want `func helper is file-private to namespace "user", but is used from namespace "order"`

var (
	seed = 2 // want `var seed is file-private to namespace "user", but is used from namespace "order"`
)
-- add //declscope:package to helper --
package fixes

//declscope:package
func helper() int { return 1 } // want `func helper is file-private to namespace "user", but is used from namespace "order"`

var (
	seed = 2 // want `var seed is file-private to namespace "user", but is used from namespace "order"`
)
-- rename seed to userSeed (promote to package-internal by prefixing with the namespace) --
package fixes

func helper() int { return 1 } // want `func helper is file-private to namespace "user", but is used from namespace "order"`

var (
	userSeed = 2 // want `var seed is file-private to namespace "user", but is used from namespace "order"`
)
-- add //declscope:package to seed --
package fixes

func helper() int { return 1 } // want `func helper is file-private to namespace "user", but is used from namespace "order"`

var (
	//declscope:package
	seed = 2 // want `var seed is file-private to namespace "user", but is used from namespace "order"`
)
