Checks in force                                                         
  config          .declscope.yaml                                       2 packages
  rules           boundary on, qualify ondemand, exported, surplus on   2 packages
  baseline        .declscope-baseline.yaml                              12 entries
  type check      2 packages ok, 0 failed                               

Findings      found   ignored   baselined   reported
  boundary    4       1         1           2
  qualify     3       0         1           2
  surplus     0       0         0           0
  directive   1       0         -           1
  filter      0       0         -           0
  total       8       1         2           5

Packages — boundary                          reported   baselined   declared   largest crossing
  example.com/x/internal/cmd                 2          1           1          completion → flags (2 declarations)
  example.com/x/internal/legacy [all core]   0          0           0          -

Packages — qualify                reported   baselined   exempt   worst namespace
  example.com/x/internal/cmd      2          1           0        flags 2 of 2
  example.com/x/internal/legacy   -          -           -        -

