package fixembedded

type userCount struct{ n int } // want `type count does not carry namespace "user" anywhere in its name; rename it to userCount, or to another name that carries "user"`

type userTotal struct{ sum int } // want `type total does not carry namespace "user" anywhere in its name; rename it to userTotal, or to another name that carries "user"`

type userBase struct{ v int }

// view is an alias. A field embedding it is spelled with the alias's name, not
// the type it denotes, so the rename rewrites the selection through it too.
type userView = userBase // want `type view does not carry namespace "user" anywhere in its name; rename it to userView, or to another name that carries "user"`

// User embeds all three. The embedding ident and every selection through it are
// spelled with the type's name, so the rename has to rewrite all of them.
type User struct {
	userCount
	*userTotal
	userView
}

func (u *User) Sum() int { return u.userCount.n + u.userTotal.sum + u.userView.v }
